******************************************************************************
                  TI ARM Linker PC v20.2.5                     
******************************************************************************
>> Linked Tue Jun  7 17:26:09 2022

OUTPUT FILE NAME:   <PROJECT.out>
ENTRY POINT SYMBOL: "_c_int00_noargs"  address: 00000fa1


MEMORY CONFIGURATION

         name            origin    length      used     unused   attr    fill
----------------------  --------  ---------  --------  --------  ----  --------
  MAIN                  00000000   00040000  0000104c  0003efb4  R  X
  INFO                  00200000   00004000  00000000  00004000  R  X
  SRAM_CODE             01000000   00010000  0000021e  0000fde2  RW X
  SRAM_DATA             20000000   00010000  0000021e  0000fde2  RW  


SEGMENT ALLOCATION MAP

run origin  load origin   length   init length attrs members
----------  ----------- ---------- ----------- ----- -------
00000000    00000000    00001050   00001050    r-x
  00000000    00000000    000000e4   000000e4    r-- .intvecs
  000000e4    000000e4    00000f30   00000f30    r-x .text
  00001018    00001018    00000038   00000038    r-- .cinit
20000000    20000000    0000001e   00000000    rw-
  20000000    20000000    00000018   00000000    rw- .data
  20000018    20000018    00000006   00000000    rw- .bss
2000fe00    2000fe00    00000200   00000000    rw-
  2000fe00    2000fe00    00000200   00000000    rw- .stack


SECTION ALLOCATION MAP

 output                                  attributes/
section   page    origin      length       input sections
--------  ----  ----------  ----------   ----------------
.intvecs   0    00000000    000000e4     
                  00000000    000000e4     startup_msp432p401r_ccs.obj (.intvecs:retain)

.text      0    000000e4    00000f30     
                  000000e4    00000508     uart.obj (.text)
                  000005ec    000004c0     main.obj (.text)
                  00000aac    00000334     system_msp432p401r.obj (.text)
                  00000de0    0000009c     rtsv7M4_T_le_v4SPD16_eabi.lib : memcpy_t2.asm.obj (.text)
                  00000e7c    00000078     lib_PAE.lib : Inicializacion.obj (.text)
                  00000ef4    00000068     rtsv7M4_T_le_v4SPD16_eabi.lib : copy_decompress_lzss.c.obj (.text:decompress:lzss:__TI_decompress_lzss)
                  00000f5c    00000044                                   : autoinit.c.obj (.text:__TI_auto_init_nobinit_nopinit:__TI_auto_init_nobinit_nopinit)
                  00000fa0    00000034                                   : boot_cortex_m.c.obj (.text:_c_int00_noargs:_c_int00_noargs)
                  00000fd4    0000001c                                   : copy_zero_init.c.obj (.text:decompress:ZI:__TI_zero_init_nomemset:__TI_zero_init_nomemset)
                  00000ff0    0000000e                                   : copy_decompress_none.c.obj (.text:decompress:none:__TI_decompress_none)
                  00000ffe    0000000e     startup_msp432p401r_ccs.obj (.text)
                  0000100c    00000004     rtsv7M4_T_le_v4SPD16_eabi.lib : pre_init.c.obj (.text:_system_pre_init)
                  00001010    00000004                                   : exit.c.obj (.text:abort:abort)

.cinit     0    00001018    00000038     
                  00001018    00000013     (.cinit..data.load) [load image, compression = lzss]
                  0000102b    00000001     --HOLE-- [fill = 0]
                  0000102c    0000000c     (__TI_handler_table)
                  00001038    00000008     (.cinit..bss.load) [load image, compression = zero_init]
                  00001040    00000010     (__TI_cinit_table)

.init_array 
*          0    00000000    00000000     UNINITIALIZED

.binit     0    00000000    00000000     

.data      0    20000000    00000018     UNINITIALIZED
                  20000000    0000000d     main.obj (.data)
                  2000000d    00000003     --HOLE--
                  20000010    00000004     system_msp432p401r.obj (.data)
                  20000014    00000004     uart.obj (.data)

.bss       0    20000018    00000006     UNINITIALIZED
                  20000018    00000004     (.common:timer_ms_count)
                  2000001c    00000001     (.common:read_data_UART)
                  2000001d    00000001     (.common:received_data)

.stack     0    2000fe00    00000200     UNINITIALIZED
                  2000fe00    00000004     rtsv7M4_T_le_v4SPD16_eabi.lib : boot_cortex_m.c.obj (.stack)
                  2000fe04    000001fc     --HOLE--

__llvm_prf_cnts 
*          0    20000000    00000000     UNINITIALIZED

MODULE SUMMARY

       Module                        code   ro data   rw data
       ------                        ----   -------   -------
    .\
       uart.obj                      1288   0         20     
       main.obj                      1216   0         26     
       system_msp432p401r.obj        820    0         8      
       startup_msp432p401r_ccs.obj   14     228       0      
    +--+-----------------------------+------+---------+---------+
       Total:                        3338   228       54     
                                                             
    ../lib_PAE.lib
       Inicializacion.obj            120    0         0      
    +--+-----------------------------+------+---------+---------+
       Total:                        120    0         0      
                                                             
    C:\ti\ccs1040\ccs\tools\compiler\ti-cgt-arm_20.2.5.LTS\lib\rtsv7M4_T_le_v4SPD16_eabi.lib
       memcpy_t2.asm.obj             156    0         0      
       copy_decompress_lzss.c.obj    104    0         0      
       autoinit.c.obj                68     0         0      
       boot_cortex_m.c.obj           52     0         0      
       copy_zero_init.c.obj          28     0         0      
       copy_decompress_none.c.obj    14     0         0      
       exit.c.obj                    4      0         0      
       pre_init.c.obj                4      0         0      
    +--+-----------------------------+------+---------+---------+
       Total:                        430    0         0      
                                                             
       Stack:                        0      0         1024   
       Linker Generated:             0      55        0      
    +--+-----------------------------+------+---------+---------+
       Grand Total:                  3888   283       1078   


LINKER GENERATED COPY TABLES

__TI_cinit_table @ 00001040 records: 2, size/record: 8, table size: 16
	.data: load addr=00001018, load size=00000013 bytes, run addr=20000000, run size=00000018 bytes, compression=lzss
	.bss: load addr=00001038, load size=00000008 bytes, run addr=20000018, run size=00000006 bytes, compression=zero_init


LINKER GENERATED HANDLER TABLE

__TI_handler_table @ 0000102c records: 3, size/record: 4, table size: 12
	index: 0, handler: __TI_decompress_lzss
	index: 1, handler: __TI_decompress_none
	index: 2, handler: __TI_zero_init


GLOBAL SYMBOLS: SORTED ALPHABETICALLY BY Name 

address   name                          
-------   ----                          
0000100b  ADC14_IRQHandler              
0000100b  AES256_IRQHandler             
0000100b  BusFault_Handler              
00001011  C$$EXIT                       
0000100b  COMP_E0_IRQHandler            
0000100b  COMP_E1_IRQHandler            
0000100b  CS_IRQHandler                 
0000100b  DMA_ERR_IRQHandler            
0000100b  DMA_INT0_IRQHandler           
0000100b  DMA_INT1_IRQHandler           
0000100b  DMA_INT2_IRQHandler           
0000100b  DMA_INT3_IRQHandler           
0000100b  DebugMon_Handler              
0000100b  Default_Handler               
0000100b  EUSCIA0_IRQHandler            
0000100b  EUSCIA1_IRQHandler            
0000040d  EUSCIA2_IRQHandler            
0000040d  EUSCIA2_IRQHandler            
0000100b  EUSCIA3_IRQHandler            
0000100b  EUSCIB0_IRQHandler            
0000100b  EUSCIB1_IRQHandler            
0000100b  EUSCIB2_IRQHandler            
0000100b  EUSCIB3_IRQHandler            
0000100b  FLCTL_IRQHandler              
0000100b  FPU_IRQHandler                
0000100b  HardFault_Handler             
0000100b  MemManage_Handler             
0000100b  NMI_Handler                   
0000100b  PCM_IRQHandler                
0000100b  PORT1_IRQHandler              
0000100b  PORT2_IRQHandler              
00000959  PORT3_IRQHandler              
00000959  PORT3_IRQHandler              
0000099d  PORT4_IRQHandler              
0000099d  PORT4_IRQHandler              
00000a2d  PORT5_IRQHandler              
00000a2d  PORT5_IRQHandler              
0000100b  PORT6_IRQHandler              
0000100b  PSS_IRQHandler                
0000100b  PendSV_Handler                
0000100b  RTC_C_IRQHandler              
00000fff  Reset_Handler                 
000002df  RxPacket                      
0000100b  SVC_Handler                   
0000100b  SysTick_Handler               
20000010  SystemCoreClock               
00000aad  SystemCoreClockUpdate         
00000d25  SystemInit                    
0000100b  T32_INT1_IRQHandler           
0000100b  T32_INT2_IRQHandler           
0000100b  T32_INTC_IRQHandler           
00000911  TA0_0_IRQHandler              
00000911  TA0_0_IRQHandler              
0000100b  TA0_N_IRQHandler              
00000435  TA1_0_IRQHandler              
00000435  TA1_0_IRQHandler              
0000100b  TA1_N_IRQHandler              
0000100b  TA2_0_IRQHandler              
0000100b  TA2_N_IRQHandler              
0000100b  TA3_0_IRQHandler              
0000100b  TA3_N_IRQHandler              
000001d5  TxPacket                      
00000147  TxUAC2                        
0000100b  UsageFault_Handler            
4000480c  WDTCTL_SYM                    
0000100b  WDT_A_IRQHandler              
20010000  __STACK_END                   
00000200  __STACK_SIZE                  
00001040  __TI_CINIT_Base               
00001050  __TI_CINIT_Limit              
0000102c  __TI_Handler_Table_Base       
00001038  __TI_Handler_Table_Limit      
00000f5d  __TI_auto_init_nobinit_nopinit
00000ef5  __TI_decompress_lzss          
00000ff1  __TI_decompress_none          
ffffffff  __TI_pprof_out_hndl           
ffffffff  __TI_prof_data_size           
ffffffff  __TI_prof_data_start          
00000000  __TI_static_base__            
00000fd5  __TI_zero_init_nomemset       
00000de1  __aeabi_memcpy                
00000de1  __aeabi_memcpy4               
00000de1  __aeabi_memcpy8               
ffffffff  __binit__                     
ffffffff  __c_args__                    
UNDEFED   __mpu_init                    
2000fe00  __stack                       
20000000  __start___llvm_prf_cnts       
20000000  __stop___llvm_prf_cnts        
00000fa1  _c_int00_noargs               
UNDEFED   _system_post_cinit            
0000100d  _system_pre_init              
00001011  abort                         
00000481  actionMotor                   
20000008  activado                      
00000555  back                          
ffffffff  binit                         
20000014  current_time                  
000000e5  delay_t                       
20000000  estado                        
20000001  estado_anterior               
00000163  init_UART                     
000006b5  init_botons                   
00000639  init_interrupciones           
0000056f  init_sensor                   
000005ed  init_timers                   
00000e7d  init_ucs_16MHz                
00000eb5  init_ucs_24MHz                
00000000  interruptVectors              
00000505  left                          
00000773  main                          
00000de1  memcpy                        
2000000c  parent                        
0000053b  push                          
000005a1  readSensor                    
2000001c  read_data_UART                
2000001d  received_data                 
00000521  right                         
0000012f  sentit_dades_Rx               
0000013b  sentit_dades_Tx               
20000004  speed                         
000004e9  stop                          
00000117  time_out                      
20000018  timer_ms_count                


GLOBAL SYMBOLS: SORTED BY Symbol Address 

address   name                          
-------   ----                          
00000000  __TI_static_base__            
00000000  interruptVectors              
000000e5  delay_t                       
00000117  time_out                      
0000012f  sentit_dades_Rx               
0000013b  sentit_dades_Tx               
00000147  TxUAC2                        
00000163  init_UART                     
000001d5  TxPacket                      
00000200  __STACK_SIZE                  
000002df  RxPacket                      
0000040d  EUSCIA2_IRQHandler            
0000040d  EUSCIA2_IRQHandler            
00000435  TA1_0_IRQHandler              
00000435  TA1_0_IRQHandler              
00000481  actionMotor                   
000004e9  stop                          
00000505  left                          
00000521  right                         
0000053b  push                          
00000555  back                          
0000056f  init_sensor                   
000005a1  readSensor                    
000005ed  init_timers                   
00000639  init_interrupciones           
000006b5  init_botons                   
00000773  main                          
00000911  TA0_0_IRQHandler              
00000911  TA0_0_IRQHandler              
00000959  PORT3_IRQHandler              
00000959  PORT3_IRQHandler              
0000099d  PORT4_IRQHandler              
0000099d  PORT4_IRQHandler              
00000a2d  PORT5_IRQHandler              
00000a2d  PORT5_IRQHandler              
00000aad  SystemCoreClockUpdate         
00000d25  SystemInit                    
00000de1  __aeabi_memcpy                
00000de1  __aeabi_memcpy4               
00000de1  __aeabi_memcpy8               
00000de1  memcpy                        
00000e7d  init_ucs_16MHz                
00000eb5  init_ucs_24MHz                
00000ef5  __TI_decompress_lzss          
00000f5d  __TI_auto_init_nobinit_nopinit
00000fa1  _c_int00_noargs               
00000fd5  __TI_zero_init_nomemset       
00000ff1  __TI_decompress_none          
00000fff  Reset_Handler                 
0000100b  ADC14_IRQHandler              
0000100b  AES256_IRQHandler             
0000100b  BusFault_Handler              
0000100b  COMP_E0_IRQHandler            
0000100b  COMP_E1_IRQHandler            
0000100b  CS_IRQHandler                 
0000100b  DMA_ERR_IRQHandler            
0000100b  DMA_INT0_IRQHandler           
0000100b  DMA_INT1_IRQHandler           
0000100b  DMA_INT2_IRQHandler           
0000100b  DMA_INT3_IRQHandler           
0000100b  DebugMon_Handler              
0000100b  Default_Handler               
0000100b  EUSCIA0_IRQHandler            
0000100b  EUSCIA1_IRQHandler            
0000100b  EUSCIA3_IRQHandler            
0000100b  EUSCIB0_IRQHandler            
0000100b  EUSCIB1_IRQHandler            
0000100b  EUSCIB2_IRQHandler            
0000100b  EUSCIB3_IRQHandler            
0000100b  FLCTL_IRQHandler              
0000100b  FPU_IRQHandler                
0000100b  HardFault_Handler             
0000100b  MemManage_Handler             
0000100b  NMI_Handler                   
0000100b  PCM_IRQHandler                
0000100b  PORT1_IRQHandler              
0000100b  PORT2_IRQHandler              
0000100b  PORT6_IRQHandler              
0000100b  PSS_IRQHandler                
0000100b  PendSV_Handler                
0000100b  RTC_C_IRQHandler              
0000100b  SVC_Handler                   
0000100b  SysTick_Handler               
0000100b  T32_INT1_IRQHandler           
0000100b  T32_INT2_IRQHandler           
0000100b  T32_INTC_IRQHandler           
0000100b  TA0_N_IRQHandler              
0000100b  TA1_N_IRQHandler              
0000100b  TA2_0_IRQHandler              
0000100b  TA2_N_IRQHandler              
0000100b  TA3_0_IRQHandler              
0000100b  TA3_N_IRQHandler              
0000100b  UsageFault_Handler            
0000100b  WDT_A_IRQHandler              
0000100d  _system_pre_init              
00001011  C$$EXIT                       
00001011  abort                         
0000102c  __TI_Handler_Table_Base       
00001038  __TI_Handler_Table_Limit      
00001040  __TI_CINIT_Base               
00001050  __TI_CINIT_Limit              
20000000  __start___llvm_prf_cnts       
20000000  __stop___llvm_prf_cnts        
20000000  estado                        
20000001  estado_anterior               
20000004  speed                         
20000008  activado                      
2000000c  parent                        
20000010  SystemCoreClock               
20000014  current_time                  
20000018  timer_ms_count                
2000001c  read_data_UART                
2000001d  received_data                 
2000fe00  __stack                       
20010000  __STACK_END                   
4000480c  WDTCTL_SYM                    
ffffffff  __TI_pprof_out_hndl           
ffffffff  __TI_prof_data_size           
ffffffff  __TI_prof_data_start          
ffffffff  __binit__                     
ffffffff  __c_args__                    
ffffffff  binit                         
UNDEFED   __mpu_init                    
UNDEFED   _system_post_cinit            

[124 symbols]
