******************************************************************************
                  TI ARM Linker PC v20.2.5                     
******************************************************************************
>> Linked Thu May 12 06:08:14 2022

OUTPUT FILE NAME:   <P4.out>
ENTRY POINT SYMBOL: "_c_int00_noargs"  address: 00000db1


MEMORY CONFIGURATION

         name            origin    length      used     unused   attr    fill
----------------------  --------  ---------  --------  --------  ----  --------
  MAIN                  00000000   00040000  00000e54  0003f1ac  R  X
  INFO                  00200000   00004000  00000000  00004000  R  X
  SRAM_CODE             01000000   00010000  0000020b  0000fdf5  RW X
  SRAM_DATA             20000000   00010000  0000020b  0000fdf5  RW  


SEGMENT ALLOCATION MAP

run origin  load origin   length   init length attrs members
----------  ----------- ---------- ----------- ----- -------
00000000    00000000    00000e58   00000e58    r-x
  00000000    00000000    000000e4   000000e4    r-- .intvecs
  000000e4    000000e4    00000d40   00000d40    r-x .text
  00000e28    00000e28    00000030   00000030    r-- .cinit
20000000    20000000    0000000b   00000000    rw-
  20000000    20000000    00000009   00000000    rw- .data
  20000009    20000009    00000002   00000000    rw- .bss
2000fe00    2000fe00    00000200   00000000    rw-
  2000fe00    2000fe00    00000200   00000000    rw- .stack


SECTION ALLOCATION MAP

 output                                  attributes/
section   page    origin      length       input sections
--------  ----  ----------  ----------   ----------------
.intvecs   0    00000000    000000e4     
                  00000000    000000e4     startup_msp432p401r_ccs.obj (.intvecs:retain)

.text      0    000000e4    00000d40     
                  000000e4    00000478     uart.obj (.text)
                  0000055c    00000360     main.obj (.text)
                  000008bc    00000334     system_msp432p401r.obj (.text)
                  00000bf0    0000009c     rtsv7M4_T_le_v4SPD16_eabi.lib : memcpy_t2.asm.obj (.text)
                  00000c8c    00000078     lib_PAE.lib : Inicializacion.obj (.text)
                  00000d04    00000068     rtsv7M4_T_le_v4SPD16_eabi.lib : copy_decompress_lzss.c.obj (.text:decompress:lzss:__TI_decompress_lzss)
                  00000d6c    00000044                                   : autoinit.c.obj (.text:__TI_auto_init_nobinit_nopinit:__TI_auto_init_nobinit_nopinit)
                  00000db0    00000034                                   : boot_cortex_m.c.obj (.text:_c_int00_noargs:_c_int00_noargs)
                  00000de4    0000001c                                   : copy_zero_init.c.obj (.text:decompress:ZI:__TI_zero_init_nomemset:__TI_zero_init_nomemset)
                  00000e00    0000000e                                   : copy_decompress_none.c.obj (.text:decompress:none:__TI_decompress_none)
                  00000e0e    0000000e     startup_msp432p401r_ccs.obj (.text)
                  00000e1c    00000004     rtsv7M4_T_le_v4SPD16_eabi.lib : pre_init.c.obj (.text:_system_pre_init)
                  00000e20    00000004                                   : exit.c.obj (.text:abort:abort)

.cinit     0    00000e28    00000030     
                  00000e28    0000000c     (__TI_handler_table)
                  00000e34    0000000b     (.cinit..data.load) [load image, compression = lzss]
                  00000e3f    00000001     --HOLE-- [fill = 0]
                  00000e40    00000008     (.cinit..bss.load) [load image, compression = zero_init]
                  00000e48    00000010     (__TI_cinit_table)

.init_array 
*          0    00000000    00000000     UNINITIALIZED

.binit     0    00000000    00000000     

.data      0    20000000    00000009     UNINITIALIZED
                  20000000    00000004     system_msp432p401r.obj (.data)
                  20000004    00000004     uart.obj (.data)
                  20000008    00000001     main.obj (.data)

.bss       0    20000009    00000002     UNINITIALIZED
                  20000009    00000001     (.common:Byte_Recibido)
                  2000000a    00000001     (.common:DatoLeido_UART)

.stack     0    2000fe00    00000200     UNINITIALIZED
                  2000fe00    00000004     rtsv7M4_T_le_v4SPD16_eabi.lib : boot_cortex_m.c.obj (.stack)
                  2000fe04    000001fc     --HOLE--

__llvm_prf_cnts 
*          0    20000000    00000000     UNINITIALIZED

MODULE SUMMARY

       Module                        code   ro data   rw data
       ------                        ----   -------   -------
    .\
       uart.obj                      1144   0         12     
       main.obj                      864    0         2      
       system_msp432p401r.obj        820    0         8      
       startup_msp432p401r_ccs.obj   14     228       0      
    +--+-----------------------------+------+---------+---------+
       Total:                        2842   228       22     
                                                             
    ../lib_PAE.lib
       Inicializacion.obj            120    0         0      
    +--+-----------------------------+------+---------+---------+
       Total:                        120    0         0      
                                                             
    C:\ti\ccs1040\ccs\tools\compiler\ti-cgt-arm_20.2.5.LTS\lib\rtsv7M4_T_le_v4SPD16_eabi.lib
       memcpy_t2.asm.obj             156    0         0      
       copy_decompress_lzss.c.obj    104    0         0      
       autoinit.c.obj                68     0         0      
       boot_cortex_m.c.obj           52     0         0      
       copy_zero_init.c.obj          28     0         0      
       copy_decompress_none.c.obj    14     0         0      
       exit.c.obj                    4      0         0      
       pre_init.c.obj                4      0         0      
    +--+-----------------------------+------+---------+---------+
       Total:                        430    0         0      
                                                             
       Stack:                        0      0         1024   
       Linker Generated:             0      47        0      
    +--+-----------------------------+------+---------+---------+
       Grand Total:                  3392   275       1046   


LINKER GENERATED COPY TABLES

__TI_cinit_table @ 00000e48 records: 2, size/record: 8, table size: 16
	.data: load addr=00000e34, load size=0000000b bytes, run addr=20000000, run size=00000009 bytes, compression=lzss
	.bss: load addr=00000e40, load size=00000008 bytes, run addr=20000009, run size=00000002 bytes, compression=zero_init


LINKER GENERATED HANDLER TABLE

__TI_handler_table @ 00000e28 records: 3, size/record: 4, table size: 12
	index: 0, handler: __TI_decompress_lzss
	index: 1, handler: __TI_decompress_none
	index: 2, handler: __TI_zero_init


GLOBAL SYMBOLS: SORTED ALPHABETICALLY BY Name 

address   name                          
-------   ----                          
00000e1b  ADC14_IRQHandler              
00000e1b  AES256_IRQHandler             
00000e1b  BusFault_Handler              
20000009  Byte_Recibido                 
00000e21  C$$EXIT                       
00000e1b  COMP_E0_IRQHandler            
00000e1b  COMP_E1_IRQHandler            
00000e1b  CS_IRQHandler                 
00000e1b  DMA_ERR_IRQHandler            
00000e1b  DMA_INT0_IRQHandler           
00000e1b  DMA_INT1_IRQHandler           
00000e1b  DMA_INT2_IRQHandler           
00000e1b  DMA_INT3_IRQHandler           
2000000a  DatoLeido_UART                
00000e1b  DebugMon_Handler              
00000e1b  Default_Handler               
00000e1b  EUSCIA0_IRQHandler            
00000e1b  EUSCIA1_IRQHandler            
00000385  EUSCIA2_IRQHandler            
00000385  EUSCIA2_IRQHandler            
00000e1b  EUSCIA3_IRQHandler            
00000e1b  EUSCIB0_IRQHandler            
00000e1b  EUSCIB1_IRQHandler            
00000e1b  EUSCIB2_IRQHandler            
00000e1b  EUSCIB3_IRQHandler            
00000e1b  FLCTL_IRQHandler              
00000e1b  FPU_IRQHandler                
00000e1b  HardFault_Handler             
00000e1b  MemManage_Handler             
00000e1b  NMI_Handler                   
00000e1b  PCM_IRQHandler                
00000e1b  PORT1_IRQHandler              
00000e1b  PORT2_IRQHandler              
0000076b  PORT3_IRQHandler              
0000076b  PORT3_IRQHandler              
0000079d  PORT4_IRQHandler              
0000079d  PORT4_IRQHandler              
000007eb  PORT5_IRQHandler              
000007eb  PORT5_IRQHandler              
00000e1b  PORT6_IRQHandler              
00000e1b  PSS_IRQHandler                
00000e1b  PendSV_Handler                
00000e1b  RTC_C_IRQHandler              
00000e0f  Reset_Handler                 
000002ad  RxPacket                      
00000e1b  SVC_Handler                   
00000e1b  SysTick_Handler               
20000000  SystemCoreClock               
000008bd  SystemCoreClockUpdate         
00000b35  SystemInit                    
00000e1b  T32_INT1_IRQHandler           
00000e1b  T32_INT2_IRQHandler           
00000e1b  T32_INTC_IRQHandler           
00000e1b  TA0_0_IRQHandler              
00000e1b  TA0_N_IRQHandler              
000003a9  TA1_0_IRQHandler              
000003a9  TA1_0_IRQHandler              
00000e1b  TA1_N_IRQHandler              
00000e1b  TA2_0_IRQHandler              
00000e1b  TA2_N_IRQHandler              
00000e1b  TA3_0_IRQHandler              
00000e1b  TA3_N_IRQHandler              
000000e5  TimeOut                       
000001a3  TxPacket                      
00000187  TxUAC2                        
00000e1b  UsageFault_Handler            
4000480c  WDTCTL_SYM                    
00000e1b  WDT_A_IRQHandler              
20010000  __STACK_END                   
00000200  __STACK_SIZE                  
00000e48  __TI_CINIT_Base               
00000e58  __TI_CINIT_Limit              
00000e28  __TI_Handler_Table_Base       
00000e34  __TI_Handler_Table_Limit      
00000d6d  __TI_auto_init_nobinit_nopinit
00000d05  __TI_decompress_lzss          
00000e01  __TI_decompress_none          
ffffffff  __TI_pprof_out_hndl           
ffffffff  __TI_prof_data_size           
ffffffff  __TI_prof_data_start          
00000000  __TI_static_base__            
00000de5  __TI_zero_init_nomemset       
00000bf1  __aeabi_memcpy                
00000bf1  __aeabi_memcpy4               
00000bf1  __aeabi_memcpy8               
ffffffff  __binit__                     
ffffffff  __c_args__                    
UNDEFED   __mpu_init                    
2000fe00  __stack                       
20000000  __start___llvm_prf_cnts       
20000000  __stop___llvm_prf_cnts        
00000db1  _c_int00_noargs               
UNDEFED   _system_post_cinit            
00000e1d  _system_pre_init              
00000e21  abort                         
000003d1  actionMotor                   
00000523  back                          
ffffffff  binit                         
20000004  current_time                  
20000008  estado                        
000000fd  init_UART                     
00000625  init_botons                   
000005a9  init_interrupciones           
0000055d  init_timers                   
00000c8d  init_ucs_16MHz                
00000cc5  init_ucs_24MHz                
00000000  interruptVectors              
00000469  left                          
000006e3  main                          
00000bf1  memcpy                        
00000503  push                          
00000495  pushLeft                      
000004e1  pushRight                     
000004c1  right                         
0000016f  sentit_dades_Rx               
0000017b  sentit_dades_Tx               
0000043d  stop                          


GLOBAL SYMBOLS: SORTED BY Symbol Address 

address   name                          
-------   ----                          
00000000  __TI_static_base__            
00000000  interruptVectors              
000000e5  TimeOut                       
000000fd  init_UART                     
0000016f  sentit_dades_Rx               
0000017b  sentit_dades_Tx               
00000187  TxUAC2                        
000001a3  TxPacket                      
00000200  __STACK_SIZE                  
000002ad  RxPacket                      
00000385  EUSCIA2_IRQHandler            
00000385  EUSCIA2_IRQHandler            
000003a9  TA1_0_IRQHandler              
000003a9  TA1_0_IRQHandler              
000003d1  actionMotor                   
0000043d  stop                          
00000469  left                          
00000495  pushLeft                      
000004c1  right                         
000004e1  pushRight                     
00000503  push                          
00000523  back                          
0000055d  init_timers                   
000005a9  init_interrupciones           
00000625  init_botons                   
000006e3  main                          
0000076b  PORT3_IRQHandler              
0000076b  PORT3_IRQHandler              
0000079d  PORT4_IRQHandler              
0000079d  PORT4_IRQHandler              
000007eb  PORT5_IRQHandler              
000007eb  PORT5_IRQHandler              
000008bd  SystemCoreClockUpdate         
00000b35  SystemInit                    
00000bf1  __aeabi_memcpy                
00000bf1  __aeabi_memcpy4               
00000bf1  __aeabi_memcpy8               
00000bf1  memcpy                        
00000c8d  init_ucs_16MHz                
00000cc5  init_ucs_24MHz                
00000d05  __TI_decompress_lzss          
00000d6d  __TI_auto_init_nobinit_nopinit
00000db1  _c_int00_noargs               
00000de5  __TI_zero_init_nomemset       
00000e01  __TI_decompress_none          
00000e0f  Reset_Handler                 
00000e1b  ADC14_IRQHandler              
00000e1b  AES256_IRQHandler             
00000e1b  BusFault_Handler              
00000e1b  COMP_E0_IRQHandler            
00000e1b  COMP_E1_IRQHandler            
00000e1b  CS_IRQHandler                 
00000e1b  DMA_ERR_IRQHandler            
00000e1b  DMA_INT0_IRQHandler           
00000e1b  DMA_INT1_IRQHandler           
00000e1b  DMA_INT2_IRQHandler           
00000e1b  DMA_INT3_IRQHandler           
00000e1b  DebugMon_Handler              
00000e1b  Default_Handler               
00000e1b  EUSCIA0_IRQHandler            
00000e1b  EUSCIA1_IRQHandler            
00000e1b  EUSCIA3_IRQHandler            
00000e1b  EUSCIB0_IRQHandler            
00000e1b  EUSCIB1_IRQHandler            
00000e1b  EUSCIB2_IRQHandler            
00000e1b  EUSCIB3_IRQHandler            
00000e1b  FLCTL_IRQHandler              
00000e1b  FPU_IRQHandler                
00000e1b  HardFault_Handler             
00000e1b  MemManage_Handler             
00000e1b  NMI_Handler                   
00000e1b  PCM_IRQHandler                
00000e1b  PORT1_IRQHandler              
00000e1b  PORT2_IRQHandler              
00000e1b  PORT6_IRQHandler              
00000e1b  PSS_IRQHandler                
00000e1b  PendSV_Handler                
00000e1b  RTC_C_IRQHandler              
00000e1b  SVC_Handler                   
00000e1b  SysTick_Handler               
00000e1b  T32_INT1_IRQHandler           
00000e1b  T32_INT2_IRQHandler           
00000e1b  T32_INTC_IRQHandler           
00000e1b  TA0_0_IRQHandler              
00000e1b  TA0_N_IRQHandler              
00000e1b  TA1_N_IRQHandler              
00000e1b  TA2_0_IRQHandler              
00000e1b  TA2_N_IRQHandler              
00000e1b  TA3_0_IRQHandler              
00000e1b  TA3_N_IRQHandler              
00000e1b  UsageFault_Handler            
00000e1b  WDT_A_IRQHandler              
00000e1d  _system_pre_init              
00000e21  C$$EXIT                       
00000e21  abort                         
00000e28  __TI_Handler_Table_Base       
00000e34  __TI_Handler_Table_Limit      
00000e48  __TI_CINIT_Base               
00000e58  __TI_CINIT_Limit              
20000000  SystemCoreClock               
20000000  __start___llvm_prf_cnts       
20000000  __stop___llvm_prf_cnts        
20000004  current_time                  
20000008  estado                        
20000009  Byte_Recibido                 
2000000a  DatoLeido_UART                
2000fe00  __stack                       
20010000  __STACK_END                   
4000480c  WDTCTL_SYM                    
ffffffff  __TI_pprof_out_hndl           
ffffffff  __TI_prof_data_size           
ffffffff  __TI_prof_data_start          
ffffffff  __binit__                     
ffffffff  __c_args__                    
ffffffff  binit                         
UNDEFED   __mpu_init                    
UNDEFED   _system_post_cinit            

[117 symbols]
